Archive member included because of file (symbol)

c:/MWSDK/Wks_TWELITE/pencil_prod_counter/../../TWENET/L1200/lib/libTWENET_BLUE.a(ToCoNet_event.o)
                              objs_BLUE/Main.o (symbol from plugin) (PRSEV_u8Register)
c:/MWSDK/Wks_TWELITE/pencil_prod_counter/../../TWENET/L1200/lib/libTWENET_BLUE.a(ToCoNet_main.o)
                              ToCoNet_event.o (symbol from plugin) (u32TickCount_ms)
c:/MWSDK/Wks_TWELITE/pencil_prod_counter/../../TWENET/L1200/lib/libTWENET_BLUE.a(ToCoNet_utils.o)
                              ToCoNet_main.o (symbol from plugin) (ToCoNet_u32GetVersion)
c:/MWSDK/Wks_TWELITE/pencil_prod_counter/../../TWENET/L1200/lib/libTWENET_BLUE.a(ToCoNet_mod_Tx.o)
                              objs_BLUE/Main.o (symbol from plugin) (ToCoNet_vReg_mod_Tx_Standard)
c:/MWSDK/Wks_TWELITE/pencil_prod_counter/../../TWENET/L1200/lib/libTWENET_BLUE.a(ToCoNet_mod_TxRxQueue.o)
                              objs_BLUE/Main.o (symbol from plugin) (ToCoNet_vReg_mod_TxRxQueueMid)
c:/MWSDK/Wks_TWELITE/pencil_prod_counter/../../TWENET/L1200/lib/libTWENET_BLUE.a(ToCoNet_mod_Nwk_Common.o)
                              ToCoNet_main.o (symbol from plugin) (ToCoNet_vRxProc_Mod)
c:/MWSDK/Wks_TWELITE/pencil_prod_counter/../../TWENET/L1200/lib/libTWENET_BLUE.a(ToCoNet_mod_Channel_Mgr.o)
                              ToCoNet_mod_Tx.o (symbol from plugin) (ToCoNet_ChMgr_bCh_OnTx)
c:/MWSDK/Wks_TWELITE/pencil_prod_counter/../../TWENET/L1200/lib/libTWENET_BLUE.a(Version.o)
                              ToCoNet_utils.o (symbol from plugin) (au8ToCoNetVersionInfo)
c:/MWSDK/Wks_TWELITE/pencil_prod_counter/../../TWENET/L1200/lib/libTWENET_BLUE.a(AppQueueApi_ToCoNet.o)
                              ToCoNet_main.o (symbol from plugin) (u32AppQApiInitInt_PATCH)
c:/MWSDK/Wks_TWELITE/pencil_prod_counter/../../TWENET/L1200/lib/libTWENEText_BLUE.a(AppStart.o)
                              (AppColdStart)
c:/MWSDK/Wks_TWELITE/pencil_prod_counter/../../TWENET/L1200/lib/libTWENEText_BLUE.a(getMacAddr.o)
                              ToCoNet_main.o (symbol from plugin) (ToCoNet_u32GetSerialOnBoot)
c:/MWSDK/Wks_TWELITE/pencil_prod_counter/../../TWENET/L1200/lib/libTWENEText_BLUE.a(mac.o)
                              ToCoNet_main.o (symbol from plugin) (Mac_vInit)
c:/MWSDK/Wks_TWELITE/pencil_prod_counter/../../TWENET/L1200/lib/libTWENEText_BLUE.a(AES_CCM.o)
                              AppStart.o (symbol from plugin) (bAES_CCM_KeyReg)
c:/MWSDK/Wks_TWELITE/pencil_prod_counter/../../TWENET/L1200/lib/libTWENEText_BLUE.a(no_ack_handler.o)
                              AppStart.o (symbol from plugin) (vInstallNoAckHandler)
c:/MWSDK/Wks_TWELITE/pencil_prod_counter/../../TWENET/L1200/lib/libTWENEText_BLUE.a(Version.o)
                              ToCoNet_utils.o (symbol from plugin) (au8ToCoNetExtVersionInfo)
c:/MWSDK/Wks_TWELITE/pencil_prod_counter/../../TWENET/L1200/lib/libTWENETutils_BLUE.a(ByteQueue.o)
                              ToCoNet_main.o (symbol from plugin) (QUEUE__vInit)
c:/MWSDK/Wks_TWELITE/pencil_prod_counter/../../TWENET/L1200/lib/libTWENETutils_BLUE.a(ccitt8.o)
                              AppStart.o (symbol from plugin) (u8CCITT8)
c:/MWSDK/Wks_TWELITE/pencil_prod_counter/../../TWENET/L1200/lib/libTWENETutils_BLUE.a(sprintf.o)
                              objs_BLUE/Main.o (symbol from plugin) (SPRINTF_vInit128)
c:/MWSDK/Wks_TWELITE/pencil_prod_counter/../../TWENET/L1200/lib/libTWENETutils_BLUE.a(utils.o)
                              ToCoNet_main.o (symbol from plugin) (vTimerConfig)
c:/MWSDK/Wks_TWELITE/pencil_prod_counter/../../TWENET/L1200/lib/libTWENETutils_BLUE.a(ccm.o)
                              AES_CCM.o (symbol from plugin) (ccm_init_and_key)
c:/MWSDK/Wks_TWELITE/pencil_prod_counter/../../TWENET/L1200/lib/libTWENETutils_BLUE.a(Version.o)
                              ToCoNet_utils.o (symbol from plugin) (au8ToCoNetUtilsVersionInfo)
c:/MWSDK/Wks_TWELITE/pencil_prod_counter/../../TWENET/L1200/lib/libTWENETutils_BLUE.a(aescrypt.o)
                              ccm.o (symbol from plugin) (aes_encrypt)
c:/MWSDK/Wks_TWELITE/pencil_prod_counter/../../TWENET/L1200/lib/libTWENETutils_BLUE.a(aeskey.o)
                              ccm.o (symbol from plugin) (aes_encrypt_key)
c:/MWSDK/Wks_TWELITE/pencil_prod_counter/../../TWENET/L1200/lib/libTWENETutils_BLUE.a(aestab.o)
                              aeskey.o (symbol from plugin) (t_im)
c:/MWSDK/ChipLib/SW4063V1416/Components/Library\libAppApi_JN516x.a(AppApi.o)
                              (pvAppApiDefGetMacHandle)
c:/MWSDK/ChipLib/SW4063V1416/Components/Library\libAppApi_JN516x.a(AppApiSleep.o)
                              (vAppApiDefSaveMacSettings)
c:/MWSDK/ChipLib/SW4063V1416/Components/Library\libMAC_JN516x.a(mac_main.o)
                              AppApi.o (symbol from plugin) (MAC_pvCtor)
c:/MWSDK/ChipLib/SW4063V1416/Components/Library\libMAC_JN516x.a(mac_mcps.o)
                              AppApi.o (symbol from plugin) (MAC_vHandleMcpsReqRsp)
c:/MWSDK/ChipLib/SW4063V1416/Components/Library\libMAC_JN516x.a(mac_mlme.o)
                              AppApi.o (symbol from plugin) (MAC_vHandleMlmeReqRsp)
c:/MWSDK/ChipLib/SW4063V1416/Components/Library\libMAC_JN516x.a(mac_pib.o)
                              AppStart.o (symbol from plugin) (MAC_psPibGetHandle)
c:/MWSDK/ChipLib/SW4063V1416/Components/Library\libMAC_JN516x.a(mac_pib_mlme.o)
                              mac_main.o (symbol from plugin) (mac_vPibSetDefaults)
c:/MWSDK/ChipLib/SW4063V1416/Components/Library\libMAC_JN516x.a(mac_pmic.o)
                              mac_main.o (symbol from plugin) (vPMICreset)
c:/MWSDK/ChipLib/SW4063V1416/Components/Library\libMAC_JN516x.a(mac_ind.o)
                              AppApi.o (symbol from plugin) (MAC_vRegisterMlmeDcfmIndCallbacks)
c:/MWSDK/ChipLib/SW4063V1416/Components/Library\libMAC_JN516x.a(mac_scan.o)
                              mac_main.o (symbol from plugin) (mac_eScanInit)
c:/MWSDK/ChipLib/SW4063V1416/Components/Library\libMAC_JN516x.a(mac_lp.o)
                              mac_pmic.o (symbol from plugin) (g_sLP)
c:/MWSDK/ChipLib/SW4063V1416/Components/Library\libMAC_JN516x.a(MCPS.o)
                              mac_mcps.o (symbol from plugin) (vTAM_MCPSdataRequest)
c:/MWSDK/ChipLib/SW4063V1416/Components/Library\libMAC_JN516x.a(phy_pib.o)
                              AppApi.o (symbol from plugin) (phy_ePibGet)
c:/MWSDK/ChipLib/SW4063V1416/Components/Library\libMAC_JN516x.a(TAM.o)
                              MCPS.o (symbol from plugin) (bTAMinPAN)
c:/MWSDK/ChipLib/SW4063V1416/Components/Library\libMAC_JN516x.a(TAMCO.o)
                              TAM.o (symbol from plugin) (vTAMCOsetCoordinator)
c:/MWSDK/ChipLib/SW4063V1416/Components/Library\libMAC_JN516x.a(TAMDE.o)
                              TAM.o (symbol from plugin) (vTAMDEdetermineNullState)
c:/MWSDK/ChipLib/SW4063V1416/Components/Library\libMAC_JN516x.a(TAM_MEM.o)
                              TAM.o (symbol from plugin) (vMEMreset)
c:/MWSDK/ChipLib/SW4063V1416/Components/Library\libMAC_JN516x.a(TAM_MLME.o)
                              mac_scan.o (symbol from plugin) (vMLMEbeaconNotify)
c:/MWSDK/ChipLib/SW4063V1416/Components/Library\libMAC_JN516x.a(TAM_TAH.o)
                              TAMCO.o (symbol from plugin) (vTAHsetCutOff)
c:/MWSDK/ChipLib/SW4063V1416/Components/Library\libMAC_JN516x.a(TAM_TAI.o)
                              TAM.o (symbol from plugin) (vTAIsetCapTime)
c:/MWSDK/ChipLib/SW4063V1416/Components/Library\libMAC_JN516x.a(TAM_TAT.o)
                              TAMDE.o (symbol from plugin) (vTATstartReceiveAt)
c:/MWSDK/ChipLib/SW4063V1416/Components/Library\libMAC_JN516x.a(TAMcommon.o)
                              mac_scan.o (symbol from plugin) (bTACassessBeaconForPayload)
c:/MWSDK/ChipLib/SW4063V1416/Components/Library\libMAC_JN516x.a(TAMevent.o)
                              mac_lp.o (symbol from plugin) (vTAMinsertEvent)
c:/MWSDK/ChipLib/SW4063V1416/Components/Library\libMAC_JN516x.a(TAMqueue.o)
                              TAMcommon.o (symbol from plugin) (vTAQaddToFifo)
c:/MWSDK/ChipLib/SW4063V1416/Components/Library\libMAC_JN516x.a(TAMrxEnable.o)
                              TAMevent.o (symbol from plugin) (vTAMRXEint2Fired)
c:/MWSDK/ChipLib/SW4063V1416/Components/Library\libMAC_JN516x.a(TAMsecurity.o)
                              TAMcommon.o (symbol from plugin) (vTSCgetIncomingInfo)
c:/MWSDK/ChipLib/SW4063V1416/Components/Library\libMAC_JN516x.a(TAMsideways.o)
                              mac_pmic.o (symbol from plugin) (eTAStransmitRequest)
c:/MWSDK/ChipLib/SW4063V1416/Components/Library\libMAC_JN516x.a(TAMtime.o)
                              TAM.o (symbol from plugin) (vTTIBLETimerExpired)
c:/MWSDK/ChipLib/SW4063V1416/Components/Library\libMAC_JN516x.a(TAM_AES.o)
                              TAMsecurity.o (symbol from plugin) (u8TAM_AES_WriteAuxilliarySecurityHeaderIntoBuffer)
c:/MWSDK/ChipLib/SW4063V1416/Components/Library\libMAC_JN516x.a(Endian.o)
                              TAM_AES.o (symbol from plugin) (vFromU16ToLe)
c:/MWSDK/ChipLib/SW4063V1416/Components/Library\libMAC_JN516x.a(mac_acl.o)
                              TAMsecurity.o (symbol from plugin) (MAC_u8AclFindInfo)
c:/MWSDK/ChipLib/SW4063V1416/Components/Library\libMAC_JN516x.a(mac_misc.o)
                              mac_mlme.o (symbol from plugin) (vMAC_MISCpollRequest)
c:/MWSDK/ChipLib/SW4063V1416/Components/Library\libTimerServer_JN516x.a(tsv_main.o)
                              AppApiSleep.o (symbol from plugin) (s_sTimerList)
c:/MWSDK/ChipLib/SW4063V1416/Components/Library\libXcv_JN516x.a(xcv_main.o)
                              AppApi.o (symbol from plugin) (XCV_vCtor)
c:/MWSDK/ChipLib/SW4063V1416/Components/Library\libXcv_JN516x.a(xcv_access.o)
                              mac_main.o (symbol from plugin) (XCV_vDevWriteIER)
c:/MWSDK/ChipLib/SW4063V1416/Components/Library\libXcv_JN516x.a(xcv_isr.o)
                              AppApi.o (symbol from plugin) (vXCV_IntHandlerPhy)
c:/MWSDK/ChipLib/SW4063V1416/Components/Library\libAes_JN516x.a(AEScoprocessorCCM.o)
                              AES_CCM.o (symbol from plugin) (bACI_CCMstar)
c:/MWSDK/ChipLib/SW4063V1416/Components/Library\libAes_JN516x.a(AES_CCM_Star.o)
                              TAM_AES.o (symbol from plugin) (vACI_OptimisedCcmStar)
c:/MWSDK/ChipLib/SW4063V1416/Components/Library\libAes_JN516x.a(AEScoprocessorAPI.o)
                              AES_CCM_Star.o (symbol from plugin) (vACI_CmdWaitBusy)
c:/MWSDK/ChipLib/SW4063V1416/Components/Library\libHardwareApi_JN516x.a(AHI_Analogue.o)
                              utils.o (symbol from plugin) (bAHI_APRegulatorEnabled)
c:/MWSDK/ChipLib/SW4063V1416/Components/Library\libHardwareApi_JN516x.a(AHI_Dio.o)
                              objs_BLUE/Main.o (symbol from plugin) (vAHI_DioSetDirection)
c:/MWSDK/ChipLib/SW4063V1416/Components/Library\libHardwareApi_JN516x.a(AHI_Reset.o)
                              ToCoNet_main.o (symbol from plugin) (vAHI_SwReset)
c:/MWSDK/ChipLib/SW4063V1416/Components/Library\libHardwareApi_JN516x.a(AHI_Spi.o)
                              AppQueueApi_ToCoNet.o (symbol from plugin) (vAHI_SpiRegisterCallback)
c:/MWSDK/ChipLib/SW4063V1416/Components/Library\libHardwareApi_JN516x.a(AHI_System.o)
                              AppApiSleep.o (symbol from plugin) (u8AHI_PowerStatus)
c:/MWSDK/ChipLib/SW4063V1416/Components/Library\libHardwareApi_JN516x.a(AHI_Timer.o)
                              utils.o (symbol from plugin) (vAHI_TimerEnable)
c:/MWSDK/ChipLib/SW4063V1416/Components/Library\libHardwareApi_JN516x.a(AHI_TimerInt.o)
                              AppQueueApi_ToCoNet.o (symbol from plugin) (vAHI_Timer0RegisterCallback)
c:/MWSDK/ChipLib/SW4063V1416/Components/Library\libHardwareApi_JN516x.a(AHI_Uart.o)
                              AppQueueApi_ToCoNet.o (symbol from plugin) (u8AHI_UartReadData)
c:/MWSDK/ChipLib/SW4063V1416/Components/Library\libHardwareApi_JN516x.a(AHI_WakeTimer.o)
                              ToCoNet_utils.o (symbol from plugin) (vAHI_WakeTimerEnable)
c:/MWSDK/ChipLib/SW4063V1416/Components/Library\libHardwareApi_JN516x.a(AHI_Flash.o)
                              AHI_System.o (symbol from plugin) (vAHI_FlashAndEEPROMControllerIntHandler)
c:/MWSDK/ChipLib/SW4063V1416/Components/Library\libHardwareApi_JN516x.a(AHI_Infrared.o)
                              AHI_TimerInt.o (symbol from plugin) (vAHI_IntHandlerInfrared)
c:/MWSDK/ChipLib/SW4063V1416/Components/Library\libHardwareApi_JN516x.a(InternalFlashApi.o)
                              AHI_Flash.o (symbol from plugin) (bFlashErase)
c:/MWSDK/ChipLib/SW4063V1416/Components/Library\libHardwareApi_JN516x.a(AHI_FlashIndexSector.o)
                              AppStart.o (symbol from plugin) (bAHI_ReadMACID)
c:/MWSDK/ChipLib/SW4063V1416/Components/Library\libHardwareApi_JN516x.a(AHI_Si.o)
                              AppQueueApi_ToCoNet.o (symbol from plugin) (vAHI_SiRegisterCallback)
c:/MWSDK/ChipLib/SW4063V1416/Components/Library\libHardwareApi_JN516x.a(AHI_TickTimer.o)
                              AppQueueApi_ToCoNet.o (symbol from plugin) (vAHI_TickTimerInit)
c:/MWSDK/ChipLib/SW4063V1416/Components/Library\libHardwareApi_JN516x.a(AHI_Interrupt.o)
                              AppApi.o (symbol from plugin) (vAHI_InterruptSetPriority)
c:/MWSDK/ChipLib/SW4063V1416/Components/Library\libHardwareApi_JN516x.a(AHI_Init.o)
                              AppStart.o (symbol from plugin) (u32AHI_Init)
c:/MWSDK/ChipLib/SW4063V1416/Components/Library\libHardwareApi_JN516x.a(AHI_SpiSlave.o)
                              AHI_Init.o (symbol from plugin) (vAHI_IntHandlerSpiSlave)
c:/MWSDK/ChipLib/SW4063V1416/Components/Library\libMicroSpecific_JN516x.a(MicroInt_ba.o)
                              ByteQueue.o (symbol from plugin) (vMicroIntEnableOnly)
c:/MWSDK/ChipLib/SW4063V1416/Components/Library\libMicroSpecific_JN516x.a(MicroSyscall_ba.o)
                              AHI_Reset.o (symbol from plugin) (vMicroSyscall)
c:/MWSDK/ChipLib/SW4063V1416/Components/Library\libBoot_JN516x.a(Heap.o)
                              (u32HeapStart)
c:/MWSDK/ChipLib/SW4063V1416/Components/Library\libBoot_JN516x.a(ExceptionHandler.o)
                              (_exception_external_interrupt)
c:/MWSDK/ChipLib/SW4063V1416/Components/Library\libAppApi_JN516x.a(AppHousekeeping.o)
                              mac_scan.o (symbol from plugin) (sAppHousekeeping)
c:/MWSDK/ChipLib/SW4063V1416/Components/Library\libAes_JN516x.a(AEScoprocessorAPIinterrupts.o)
                              AHI_Init.o (symbol from plugin) (vACI_IntHandlerAes)
c:/mwsdk/tools/ba-elf-ba2-r36379/bin/../lib/gcc/ba-elf/4.7.4/../../../../ba-elf/lib/mcpu_jn51xx_sizeopt\libc.a(lib_a-memcmp.o)
                              C:\Users\Maeoka\AppData\Local\Temp\ccgm6XWi.ltrans0.ltrans.o (memcmp)
c:/mwsdk/tools/ba-elf-ba2-r36379/bin/../lib/gcc/ba-elf/4.7.4/../../../../ba-elf/lib/mcpu_jn51xx_sizeopt\libc.a(lib_a-memcpy.o)
                              C:\Users\Maeoka\AppData\Local\Temp\ccgm6XWi.ltrans0.ltrans.o (memcpy)
c:/mwsdk/tools/ba-elf-ba2-r36379/bin/../lib/gcc/ba-elf/4.7.4/../../../../ba-elf/lib/mcpu_jn51xx_sizeopt\libc.a(lib_a-memset.o)
                              C:\Users\Maeoka\AppData\Local\Temp\ccgm6XWi.ltrans0.ltrans.o (memset)
c:/mwsdk/tools/ba-elf-ba2-r36379/bin/../lib/gcc/ba-elf/4.7.4/mcpu_jn51xx_sizeopt\libgcc.a(__udivsi3.o)
                              C:\Users\Maeoka\AppData\Local\Temp\ccgm6XWi.ltrans4.ltrans.o (__udivsi3)
c:/mwsdk/tools/ba-elf-ba2-r36379/bin/../lib/gcc/ba-elf/4.7.4/mcpu_jn51xx_sizeopt\libgcc.a(__divsi3.o)
                              C:\Users\Maeoka\AppData\Local\Temp\ccgm6XWi.ltrans5.ltrans.o (__divsi3)

Allocating common symbols
Common symbol       size              file

_TWENET_TX_POWER_MAX
                    0x1               AppStart.o (symbol from plugin)
apvHwIndBufferData  0x2c              AppQueueApi_ToCoNet.o (symbol from plugin)
prMAC_TofMlmeReqHandler
                    0x4               mac_mlme.o (symbol from plugin)
apvMlmeIndBufferData
                    0x14              AppQueueApi_ToCoNet.o (symbol from plugin)
_TWENET_TX_POWER_VALUE
                    0x1               AppStart.o (symbol from plugin)
g_tSpiConfiguration
                    0x4               AHI_Flash.o (symbol from plugin)
SPRINTF_Stream      0x4               sprintf.o (symbol from plugin)
u8TAM_TxStatusOverride
                    0x1               TAMevent.o (symbol from plugin)
prMAC_TofRxHandler  0x4               TAMcommon.o (symbol from plugin)
_MAC_u8TxFailReason
                    0x1               mac.o (symbol from plugin)
apvMcpsIndBufferData
                    0x14              AppQueueApi_ToCoNet.o (symbol from plugin)
bAHI_ExtendedTemperatureOperation
                    0x1               AHI_System.o (symbol from plugin)
bMAC_DiscardUnsuccessfulAssocResponses
                    0x1               mac_pmic.o (symbol from plugin)
u8Msq               0x1               TAM_TAT.o (symbol from plugin)
g_bLegacyHwBugEmulation
                    0x1               AES_CCM_Star.o (symbol from plugin)

Discarded input sections

 .text          0x0000000000000000        0x0 objs_BLUE/Main.o (symbol from plugin)
 .data          0x0000000000000000        0x0 C:\Users\Maeoka\AppData\Local\Temp\ccgm6XWi.ltrans0.ltrans.o
 .data          0x0000000000000000        0x0 C:\Users\Maeoka\AppData\Local\Temp\ccgm6XWi.ltrans1.ltrans.o
 .bss           0x0000000000000000        0x0 C:\Users\Maeoka\AppData\Local\Temp\ccgm6XWi.ltrans1.ltrans.o
 .data          0x0000000000000000        0x0 C:\Users\Maeoka\AppData\Local\Temp\ccgm6XWi.ltrans2.ltrans.o
 .data          0x0000000000000000        0x0 C:\Users\Maeoka\AppData\Local\Temp\ccgm6XWi.ltrans3.ltrans.o
 .data          0x0000000000000000        0x0 C:\Users\Maeoka\AppData\Local\Temp\ccgm6XWi.ltrans4.ltrans.o
 .data          0x0000000000000000        0x0 C:\Users\Maeoka\AppData\Local\Temp\ccgm6XWi.ltrans5.ltrans.o
 .data          0x0000000000000000        0x0 C:\Users\Maeoka\AppData\Local\Temp\ccgm6XWi.ltrans6.ltrans.o
 .data          0x0000000000000000        0x0 C:\Users\Maeoka\AppData\Local\Temp\ccgm6XWi.ltrans7.ltrans.o
 .bss           0x0000000000000000        0x0 C:\Users\Maeoka\AppData\Local\Temp\ccgm6XWi.ltrans9.ltrans.o
 .data          0x0000000000000000        0x0 C:\Users\Maeoka\AppData\Local\Temp\ccgm6XWi.ltrans12.ltrans.o
 .data          0x0000000000000000        0x0 C:\Users\Maeoka\AppData\Local\Temp\ccgm6XWi.ltrans13.ltrans.o
 .data          0x0000000000000000        0x0 c:/mwsdk/tools/ba-elf-ba2-r36379/bin/../lib/gcc/ba-elf/4.7.4/../../../../ba-elf/lib/mcpu_jn51xx_sizeopt\libc.a(lib_a-memcmp.o)
 .bss           0x0000000000000000        0x0 c:/mwsdk/tools/ba-elf-ba2-r36379/bin/../lib/gcc/ba-elf/4.7.4/../../../../ba-elf/lib/mcpu_jn51xx_sizeopt\libc.a(lib_a-memcmp.o)
 .data          0x0000000000000000        0x0 c:/mwsdk/tools/ba-elf-ba2-r36379/bin/../lib/gcc/ba-elf/4.7.4/../../../../ba-elf/lib/mcpu_jn51xx_sizeopt\libc.a(lib_a-memcpy.o)
 .bss           0x0000000000000000        0x0 c:/mwsdk/tools/ba-elf-ba2-r36379/bin/../lib/gcc/ba-elf/4.7.4/../../../../ba-elf/lib/mcpu_jn51xx_sizeopt\libc.a(lib_a-memcpy.o)
 .data          0x0000000000000000        0x0 c:/mwsdk/tools/ba-elf-ba2-r36379/bin/../lib/gcc/ba-elf/4.7.4/../../../../ba-elf/lib/mcpu_jn51xx_sizeopt\libc.a(lib_a-memset.o)
 .bss           0x0000000000000000        0x0 c:/mwsdk/tools/ba-elf-ba2-r36379/bin/../lib/gcc/ba-elf/4.7.4/../../../../ba-elf/lib/mcpu_jn51xx_sizeopt\libc.a(lib_a-memset.o)
 .data          0x0000000000000000        0x0 c:/mwsdk/tools/ba-elf-ba2-r36379/bin/../lib/gcc/ba-elf/4.7.4/mcpu_jn51xx_sizeopt\libgcc.a(__udivsi3.o)
 .bss           0x0000000000000000        0x0 c:/mwsdk/tools/ba-elf-ba2-r36379/bin/../lib/gcc/ba-elf/4.7.4/mcpu_jn51xx_sizeopt\libgcc.a(__udivsi3.o)
 .data          0x0000000000000000        0x0 c:/mwsdk/tools/ba-elf-ba2-r36379/bin/../lib/gcc/ba-elf/4.7.4/mcpu_jn51xx_sizeopt\libgcc.a(__divsi3.o)
 .bss           0x0000000000000000        0x0 c:/mwsdk/tools/ba-elf-ba2-r36379/bin/../lib/gcc/ba-elf/4.7.4/mcpu_jn51xx_sizeopt\libgcc.a(__divsi3.o)
 .text          0x0000000000000000        0x0 ToCoNet_event.o (symbol from plugin)
 .text          0x0000000000000000        0x0 ToCoNet_main.o (symbol from plugin)
 .text          0x0000000000000000        0x0 ToCoNet_utils.o (symbol from plugin)
 .text          0x0000000000000000        0x0 ToCoNet_mod_Tx.o (symbol from plugin)
 .text          0x0000000000000000        0x0 ToCoNet_mod_TxRxQueue.o (symbol from plugin)
 .text          0x0000000000000000        0x0 ToCoNet_mod_Nwk_Common.o (symbol from plugin)
 .text          0x0000000000000000        0x0 ToCoNet_mod_Channel_Mgr.o (symbol from plugin)
 .text          0x0000000000000000        0x0 Version.o (symbol from plugin)
 .text          0x0000000000000000        0x0 AppQueueApi_ToCoNet.o (symbol from plugin)
 .text          0x0000000000000000        0x0 AppStart.o (symbol from plugin)
 .text          0x0000000000000000        0x0 getMacAddr.o (symbol from plugin)
 .text          0x0000000000000000        0x0 mac.o (symbol from plugin)
 .text          0x0000000000000000        0x0 AES_CCM.o (symbol from plugin)
 .text          0x0000000000000000        0x0 no_ack_handler.o (symbol from plugin)
 .text          0x0000000000000000        0x0 Version.o (symbol from plugin)
 .text          0x0000000000000000        0x0 ByteQueue.o (symbol from plugin)
 .text          0x0000000000000000        0x0 ccitt8.o (symbol from plugin)
 .text          0x0000000000000000        0x0 sprintf.o (symbol from plugin)
 .text          0x0000000000000000        0x0 utils.o (symbol from plugin)
 .text          0x0000000000000000        0x0 ccm.o (symbol from plugin)
 .text          0x0000000000000000        0x0 Version.o (symbol from plugin)
 .text          0x0000000000000000        0x0 aescrypt.o (symbol from plugin)
 .text          0x0000000000000000        0x0 aeskey.o (symbol from plugin)
 .text          0x0000000000000000        0x0 aestab.o (symbol from plugin)
 .text          0x0000000000000000        0x0 AppApi.o (symbol from plugin)
 .text          0x0000000000000000        0x0 AppApiSleep.o (symbol from plugin)
 .text          0x0000000000000000        0x0 mac_main.o (symbol from plugin)
 .text          0x0000000000000000        0x0 mac_mcps.o (symbol from plugin)
 .text          0x0000000000000000        0x0 mac_mlme.o (symbol from plugin)
 .text          0x0000000000000000        0x0 mac_pib.o (symbol from plugin)
 .text          0x0000000000000000        0x0 mac_pib_mlme.o (symbol from plugin)
 .text          0x0000000000000000        0x0 mac_pmic.o (symbol from plugin)
 .text          0x0000000000000000        0x0 mac_ind.o (symbol from plugin)
 .text          0x0000000000000000        0x0 mac_scan.o (symbol from plugin)
 .text          0x0000000000000000        0x0 mac_lp.o (symbol from plugin)
 .text          0x0000000000000000        0x0 MCPS.o (symbol from plugin)
 .text          0x0000000000000000        0x0 phy_pib.o (symbol from plugin)
 .text          0x0000000000000000        0x0 TAM.o (symbol from plugin)
 .text          0x0000000000000000        0x0 TAMCO.o (symbol from plugin)
 .text          0x0000000000000000        0x0 TAMDE.o (symbol from plugin)
 .text          0x0000000000000000        0x0 TAM_MEM.o (symbol from plugin)
 .text          0x0000000000000000        0x0 TAM_MLME.o (symbol from plugin)
 .text          0x0000000000000000        0x0 TAM_TAH.o (symbol from plugin)
 .text          0x0000000000000000        0x0 TAM_TAI.o (symbol from plugin)
 .text          0x0000000000000000        0x0 TAM_TAT.o (symbol from plugin)
 .text          0x0000000000000000        0x0 TAMcommon.o (symbol from plugin)
 .text          0x0000000000000000        0x0 TAMevent.o (symbol from plugin)
 .text          0x0000000000000000        0x0 TAMqueue.o (symbol from plugin)
 .text          0x0000000000000000        0x0 TAMrxEnable.o (symbol from plugin)
 .text          0x0000000000000000        0x0 TAMsecurity.o (symbol from plugin)
 .text          0x0000000000000000        0x0 TAMsideways.o (symbol from plugin)
 .text          0x0000000000000000        0x0 TAMtime.o (symbol from plugin)
 .text          0x0000000000000000        0x0 TAM_AES.o (symbol from plugin)
 .text          0x0000000000000000        0x0 Endian.o (symbol from plugin)
 .text          0x0000000000000000        0x0 mac_acl.o (symbol from plugin)
 .text          0x0000000000000000        0x0 mac_misc.o (symbol from plugin)
 .text          0x0000000000000000        0x0 tsv_main.o (symbol from plugin)
 .text          0x0000000000000000        0x0 xcv_main.o (symbol from plugin)
 .text          0x0000000000000000        0x0 xcv_access.o (symbol from plugin)
 .text          0x0000000000000000        0x0 xcv_isr.o (symbol from plugin)
 .text          0x0000000000000000        0x0 AEScoprocessorCCM.o (symbol from plugin)
 .text          0x0000000000000000        0x0 AES_CCM_Star.o (symbol from plugin)
 .text          0x0000000000000000        0x0 AEScoprocessorAPI.o (symbol from plugin)
 .text          0x0000000000000000        0x0 AHI_Analogue.o (symbol from plugin)
 .text          0x0000000000000000        0x0 AHI_Dio.o (symbol from plugin)
 .text          0x0000000000000000        0x0 AHI_Reset.o (symbol from plugin)
 .text          0x0000000000000000        0x0 AHI_Spi.o (symbol from plugin)
 .text          0x0000000000000000        0x0 AHI_System.o (symbol from plugin)
 .text          0x0000000000000000        0x0 AHI_Timer.o (symbol from plugin)
 .text          0x0000000000000000        0x0 AHI_TimerInt.o (symbol from plugin)
 .text          0x0000000000000000        0x0 AHI_Uart.o (symbol from plugin)
 .text          0x0000000000000000        0x0 AHI_WakeTimer.o (symbol from plugin)
 .text          0x0000000000000000        0x0 AHI_Flash.o (symbol from plugin)
 .text          0x0000000000000000        0x0 AHI_Infrared.o (symbol from plugin)
 .text          0x0000000000000000        0x0 InternalFlashApi.o (symbol from plugin)
 .text          0x0000000000000000        0x0 AHI_FlashIndexSector.o (symbol from plugin)
 .text          0x0000000000000000        0x0 AHI_Si.o (symbol from plugin)
 .text          0x0000000000000000        0x0 AHI_TickTimer.o (symbol from plugin)
 .data          0x0000000000000000        0x0 c:/MWSDK/ChipLib/SW4063V1416/Components/Library\libHardwareApi_JN516x.a(AHI_Interrupt.o)
 .bss           0x0000000000000000        0x0 c:/MWSDK/ChipLib/SW4063V1416/Components/Library\libHardwareApi_JN516x.a(AHI_Interrupt.o)
 .text          0x0000000000000000        0x0 AHI_Init.o (symbol from plugin)
 .text          0x0000000000000000        0x0 AHI_SpiSlave.o (symbol from plugin)
 .text          0x0000000000000000        0x0 MicroInt_ba.o (symbol from plugin)
 .text          0x0000000000000000        0x0 c:/MWSDK/ChipLib/SW4063V1416/Components/Library\libMicroSpecific_JN516x.a(MicroSyscall_ba.o)
 .data          0x0000000000000000        0x0 c:/MWSDK/ChipLib/SW4063V1416/Components/Library\libMicroSpecific_JN516x.a(MicroSyscall_ba.o)
 .bss           0x0000000000000000        0x0 c:/MWSDK/ChipLib/SW4063V1416/Components/Library\libMicroSpecific_JN516x.a(MicroSyscall_ba.o)
 .text          0x0000000000000000        0x0 Heap.o (symbol from plugin)
 .text          0x0000000000000000        0x0 c:/MWSDK/ChipLib/SW4063V1416/Components/Library\libBoot_JN516x.a(ExceptionHandler.o)
 .data          0x0000000000000000        0x0 c:/MWSDK/ChipLib/SW4063V1416/Components/Library\libBoot_JN516x.a(ExceptionHandler.o)
 .bss           0x0000000000000000        0x0 c:/MWSDK/ChipLib/SW4063V1416/Components/Library\libBoot_JN516x.a(ExceptionHandler.o)
 .text          0x0000000000000000        0x0 AppHousekeeping.o (symbol from plugin)
 .text          0x0000000000000000        0x0 AEScoprocessorAPIinterrupts.o (symbol from plugin)

Memory Configuration

Name             Origin             Length             Attributes
flash            0x0000000000080000 0x0000000000028000
ram              0x000000000400004c 0x0000000000007fb4
*default*        0x0000000000000000 0xffffffffffffffff

Linker script and memory map

LOAD objs_BLUE/Main.o
LOAD C:\Users\Maeoka\AppData\Local\Temp\ccgm6XWi.ltrans0.ltrans.o
LOAD C:\Users\Maeoka\AppData\Local\Temp\ccgm6XWi.ltrans1.ltrans.o
LOAD C:\Users\Maeoka\AppData\Local\Temp\ccgm6XWi.ltrans2.ltrans.o
LOAD C:\Users\Maeoka\AppData\Local\Temp\ccgm6XWi.ltrans3.ltrans.o
LOAD C:\Users\Maeoka\AppData\Local\Temp\ccgm6XWi.ltrans4.ltrans.o
LOAD C:\Users\Maeoka\AppData\Local\Temp\ccgm6XWi.ltrans5.ltrans.o
LOAD C:\Users\Maeoka\AppData\Local\Temp\ccgm6XWi.ltrans6.ltrans.o
LOAD C:\Users\Maeoka\AppData\Local\Temp\ccgm6XWi.ltrans7.ltrans.o
LOAD C:\Users\Maeoka\AppData\Local\Temp\ccgm6XWi.ltrans8.ltrans.o
LOAD C:\Users\Maeoka\AppData\Local\Temp\ccgm6XWi.ltrans9.ltrans.o
LOAD C:\Users\Maeoka\AppData\Local\Temp\ccgm6XWi.ltrans10.ltrans.o
LOAD C:\Users\Maeoka\AppData\Local\Temp\ccgm6XWi.ltrans11.ltrans.o
LOAD C:\Users\Maeoka\AppData\Local\Temp\ccgm6XWi.ltrans12.ltrans.o
LOAD C:\Users\Maeoka\AppData\Local\Temp\ccgm6XWi.ltrans13.ltrans.o
LOAD c:/mwsdk/tools/ba-elf-ba2-r36379/bin/../lib/gcc/ba-elf/4.7.4/../../../../ba-elf/lib/mcpu_jn51xx_sizeopt\libc.a
LOAD c:/mwsdk/tools/ba-elf-ba2-r36379/bin/../lib/gcc/ba-elf/4.7.4/mcpu_jn51xx_sizeopt\libgcc.a
LOAD c:/mwsdk/tools/ba-elf-ba2-r36379/bin/../lib/gcc/ba-elf/4.7.4/../../../../ba-elf/lib/mcpu_jn51xx_sizeopt\libc.a
LOAD c:/MWSDK/Wks_TWELITE/pencil_prod_counter/../../TWENET/L1200/lib/libTWENET_BLUE.a
LOAD c:/MWSDK/Wks_TWELITE/pencil_prod_counter/../../TWENET/L1200/lib/libTWENEText_BLUE.a
LOAD c:/MWSDK/Wks_TWELITE/pencil_prod_counter/../../TWENET/L1200/lib/libTWENETutils_BLUE.a
START GROUP
LOAD c:/MWSDK/ChipLib/SW4063V1416/Components/Library\libAppApi_JN516x.a
LOAD c:/MWSDK/ChipLib/SW4063V1416/Components/Library\libMAC_JN516x.a
LOAD c:/MWSDK/ChipLib/SW4063V1416/Components/Library\libTimerServer_JN516x.a
LOAD c:/MWSDK/ChipLib/SW4063V1416/Components/Library\libTOF_JN516x.a
LOAD c:/MWSDK/ChipLib/SW4063V1416/Components/Library\libXcv_JN516x.a
LOAD c:/MWSDK/ChipLib/SW4063V1416/Components/Library\libAes_JN516x.a
LOAD c:/MWSDK/ChipLib/SW4063V1416/Components/Library\libHardwareApi_JN516x.a
LOAD c:/MWSDK/ChipLib/SW4063V1416/Components/Library\libMicroSpecific_JN516x.a
LOAD c:/MWSDK/ChipLib/SW4063V1416/Components/Library\libBoot_JN516x.a
LOAD c:/MWSDK/ChipLib/SW4063V1416/Components/Library\libPDM_EEPROM_JN516x_NO_RTOS.a
LOAD c:/MWSDK/Wks_TWELITE/pencil_prod_counter/../../TWENET/L1200/lib/libTWENET_BLUE.a
LOAD c:/MWSDK/Wks_TWELITE/pencil_prod_counter/../../TWENET/L1200/lib/libTWENEText_BLUE.a
LOAD c:/MWSDK/Wks_TWELITE/pencil_prod_counter/../../TWENET/L1200/lib/libTWENETutils_BLUE.a
END GROUP
LOAD c:/mwsdk/tools/ba-elf-ba2-r36379/bin/../lib/gcc/ba-elf/4.7.4/../../../../ba-elf/lib/mcpu_jn51xx_sizeopt\libc.a
LOAD c:/mwsdk/tools/ba-elf-ba2-r36379/bin/../lib/gcc/ba-elf/4.7.4/mcpu_jn51xx_sizeopt\libgcc.a
LOAD c:/mwsdk/tools/ba-elf-ba2-r36379/bin/../lib/gcc/ba-elf/4.7.4/../../../../ba-elf/lib/mcpu_jn51xx_sizeopt\libc.a
                0x0000000000000800                _stack_size = 0x800
                0x0000000000080038                _exception_vsr_table = 0x80038
                0x0000000004000000                pSPIflashFncTable = 0x4000000
                0x0000000000000800                _stack_size = 0x800
                0x0000000000000044                restore_state = 0x44
                0x000000000000004a                bZSPIWaitWIPClear = 0x4a
                0x0000000000000050                u16ZSPIflashRDID = 0x50
                0x0000000000000056                u8SelectFlashChipType = 0x56
                0x000000000000005c                memcpy = 0x5c
                0x0000000000000066                vBootFlashProg = 0x66
                [0x0000000000000d16]                _minimum_heap_size = DEFINED (_minimum_heap_size)?_minimum_heap_size:0xd16
                0x0000000000000000                _SwConfig = (DEFINED (g_bSWConf_Debug) | (DEFINED (g_bSWConf_AltDebugPort) << 0x1))

.version        0x000000000007fffc        0x4
                0x000000000007fffc        0x4 LONG 0x4030008

.bir            0x0000000000080000       0x10
                0x0000000000080000                _flash_start = ABSOLUTE (.)
                0x0000000000080000                _flash_beg = ABSOLUTE (.)
                0x0000000000080000        0x4 LONG 0x12345678
                0x0000000000080004        0x4 LONG 0x11223344
                0x0000000000080008        0x4 LONG 0x55667788
                0x000000000008000c        0x1 BYTE 0x8
                0x000000000008000d        0x1 BYTE 0x1
                0x000000000008000e        0x2 SHORT 0x0

.flashheader    0x0000000000080010       0x28
                0x0000000000080010        0x4 LONG 0x0
                0x0000000000080014        0x4 LONG 0x0
                0x0000000000080018        0x4 LONG 0x0
                0x000000000008001c        0x2 SHORT 0x0
                0x000000000008001e        0x2 SHORT 0x0 ABSOLUTE (_SwConfig)
                0x0000000000080020                _enc_start = ABSOLUTE (.)
                0x0000000000080020        0x4 LONG 0x96f8 ABSOLUTE (_image_len)
                0x0000000000080024        0x4 LONG 0x896e0 ABSOLUTE (_flash_data_start)
                0x0000000000080028        0x2 SHORT 0x13 ((ABSOLUTE (_ram_data_start) / 0x4) & 0xffff)
                0x000000000008002a        0x2 SHORT 0x6 ((ABSOLUTE (_ram_data_len) / 0x4) & 0xffff)
                0x000000000008002c        0x2 SHORT 0x19 ((ABSOLUTE (_bss_start) / 0x4) & 0xffff)
                0x000000000008002e        0x2 SHORT 0x626 ((ABSOLUTE (_bss_len) / 0x4) & 0xffff)
                0x0000000000080030        0x4 LONG 0x85934 ABSOLUTE (AppWarmStart)
                0x0000000000080034        0x4 LONG 0x88ee8 ABSOLUTE (AppColdStart)
                0x0000000000000000                _enc_offset = (_enc_start & 0xf)
                0x0000000000000044                PROVIDE (vException_BusError, restore_state)
                0x0000000000000044                PROVIDE (vException_UnalignedAccess, restore_state)
                0x0000000000000044                PROVIDE (vException_IllegalInstruction, restore_state)
                0x0000000000000044                PROVIDE (vException_SysCall, restore_state)
                0x0000000000000044                PROVIDE (vException_Trap, restore_state)
                0x0000000000000044                PROVIDE (vException_StackOverflow, restore_state)
                0x0000000000080038                . = ABSOLUTE (_exception_vsr_table)

.vsr_table      0x0000000000080038       0x18
                0x0000000000080038        0x4 LONG 0x44 ABSOLUTE (vException_BusError)
                0x000000000008003c        0x4 LONG 0x44 ABSOLUTE (vException_UnalignedAccess)
                0x0000000000080040        0x4 LONG 0x44 ABSOLUTE (vException_IllegalInstruction)
                0x0000000000080044        0x4 LONG 0x44 ABSOLUTE (vException_SysCall)
                0x0000000000080048        0x4 LONG 0x44 ABSOLUTE (vException_Trap)
                0x000000000008004c        0x4 LONG 0x44 ABSOLUTE (vException_StackOverflow)

.vsr_handlers   0x0000000000080050       0xaa
 *(.vsr_handlers)
 .vsr_handlers  0x0000000000080050       0xaa c:/MWSDK/ChipLib/SW4063V1416/Components/Library\libBoot_JN516x.a(ExceptionHandler.o)
                0x0000000000080050                _exception_external_interrupt
                0x00000000000800f8                _default_vsr_dummy

.rodata         0x00000000000800fc      0x41c
 *(.rodata*)
 .rodata        0x00000000000800fc      0x1cb C:\Users\Maeoka\AppData\Local\Temp\ccgm6XWi.ltrans0.ltrans.o
 .rodata        0x00000000000802c7        0xa C:\Users\Maeoka\AppData\Local\Temp\ccgm6XWi.ltrans1.ltrans.o
 *fill*         0x00000000000802d1        0x3 00
 .rodata        0x00000000000802d4       0xd4 C:\Users\Maeoka\AppData\Local\Temp\ccgm6XWi.ltrans2.ltrans.o
                0x00000000000802d4                s_aprScanHandleEvt.10212
                0x0000000000080304                apvActionCalls
                0x000000000008038c                aprLPBMacVectorRamTable
                0x00000000000803a0                psTamMacContext
                0x00000000000803a4                psTAMcontext
 .rodata        0x00000000000803a8        0x4 C:\Users\Maeoka\AppData\Local\Temp\ccgm6XWi.ltrans3.ltrans.o
 .rodata        0x00000000000803ac       0x19 C:\Users\Maeoka\AppData\Local\Temp\ccgm6XWi.ltrans4.ltrans.o
                0x00000000000803ac                gbHighPowerMode
                0x00000000000803ad                gu8ModuleID
 *fill*         0x00000000000803c5        0x3 00
 .rodata        0x00000000000803c8       0x2c C:\Users\Maeoka\AppData\Local\Temp\ccgm6XWi.ltrans5.ltrans.o
                0x00000000000803c8                psTamXcvContext
                0x00000000000803cc                CSWTCH.35.20442.20442
                0x00000000000803e0                au32TimerBaseAddress
 .rodata        0x00000000000803f4       0x10 C:\Users\Maeoka\AppData\Local\Temp\ccgm6XWi.ltrans6.ltrans.o
 .rodata        0x0000000000080404        0x6 C:\Users\Maeoka\AppData\Local\Temp\ccgm6XWi.ltrans7.ltrans.o
                0x0000000000080404                aeXcvPhyEvtToScanEvt.5394.10215
 .rodata.str1.1
                0x000000000008040a       0x22 C:\Users\Maeoka\AppData\Local\Temp\ccgm6XWi.ltrans8.ltrans.o
 .rodata        0x000000000008042c       0x38 C:\Users\Maeoka\AppData\Local\Temp\ccgm6XWi.ltrans8.ltrans.o
                0x000000000008042c                asStateFuncTbl.2376
 .rodata        0x0000000000080464       0x18 C:\Users\Maeoka\AppData\Local\Temp\ccgm6XWi.ltrans9.ltrans.o
 .rodata        0x000000000008047c        0xc C:\Users\Maeoka\AppData\Local\Temp\ccgm6XWi.ltrans10.ltrans.o
 .rodata.str1.1
                0x0000000000000000       0x11 C:\Users\Maeoka\AppData\Local\Temp\ccgm6XWi.ltrans11.ltrans.o
 .rodata.str1.1
                0x0000000000080488       0x11 C:\Users\Maeoka\AppData\Local\Temp\ccgm6XWi.ltrans13.ltrans.o
 *fill*         0x0000000000080499        0x3 00
 .rodata        0x000000000008049c       0x7c C:\Users\Maeoka\AppData\Local\Temp\ccgm6XWi.ltrans13.ltrans.o
                0x00000000000804d0                u32MacLow_TOCOS
                0x00000000000804d4                u32MacHigh_TOCOS

.text           0x0000000000080518     0x91c6
 *(.text*)
 .text          0x0000000000080518     0x12c9 C:\Users\Maeoka\AppData\Local\Temp\ccgm6XWi.ltrans0.ltrans.o
                0x0000000000080518                vTTIBLETimerExpired
                0x0000000000080523                mac_vLPBAdjustBeaconOffset
                0x0000000000080580                mac_u32LPBGetBeaconTimeout
                0x0000000000080589                eWEnDTmrExpiry.9853
                0x0000000000080594                eWEnDEdDone.9850
                0x00000000000805ef                eGenlDontCare.9847
                0x00000000000805f4                eGenlIllegal.9472
                0x00000000000805fb                u32GetTimer0
                0x0000000000080602                vSetTimer0
                0x0000000000080611                SPRINTF_bPutChar.4362
                0x000000000008064d                vHandlerPatch.4290
                0x0000000000080684                u8HwEventHandler.1687
                0x00000000000806a3                vACI_CmdWaitBusy
                0x00000000000806b0                vEcbEncodeStripe.19776
                0x0000000000080707                vTAIdisableInterrupt
                0x0000000000080720                vUpdateRegisters.19466
                0x0000000000080767                psRemove.part.0.19416
                0x0000000000080796                MAC_u8AclFindInfo
                0x00000000000808c0                vTASretrieveSecurity
                0x00000000000808e2                MAC_bLookUpKeyDescriptor.16968
                0x000000000008095c                u8TSCframeIncrease
                0x0000000000080995                vCopyToDataFromMacAddr.16878
                0x00000000000809c8                bTSCgetOutgoingInfo
                0x0000000000080ad1                psTAQsearchFifo
                0x0000000000080b1a                bTAQremoveFromFifo
                0x0000000000080b57                vTAMinsertEvent
                0x0000000000080bbd                vTTITimer2Expired
                0x0000000000080bc1                vTTITimer1Expired
                0x0000000000080bc5                vTAM_TxRetryTimeout
                0x0000000000080bc9                vTACsetTxFrameDefaults
                0x0000000000080bef                u8TACgetHeaderSize
                0x0000000000080c2c                bUpdateTime.15196
                0x0000000000080c67                u32TACpayloadToU32M
                0x0000000000080c88                vTACu32ToPayloadM
                0x0000000000080ca0                vTACbuildBeacon
                0x0000000000080ea8                bTACframeInProgress
                0x0000000000080ed2                bTACassessBeaconForPayload
                0x0000000000080f23                bIsBbcSafeForTx
                0x0000000000080f58                vTATwriteAclMaterialToHardware
                0x0000000000080f7d                vTATsetBLE
                0x0000000000080fb4                vTATgetFramePayload
                0x0000000000080fd1                eTATreadTXstatus
                0x0000000000081017                vTAHsetPhyStateDirect.part.0.14337
                0x0000000000081033                vDoGoOff.16158
                0x000000000008104d                vMEMreturn
                0x00000000000810be                vTACinformOriginator
                0x00000000000810e0                vTTITransactionTimerExpired
                0x0000000000081108                pvMEMget
                0x0000000000081134                vTAMDEdetermineNullState
                0x000000000008114e                vTAMCOupdatePendingList
                0x0000000000081220                vTAMCOsetCoordinator
                0x0000000000081246                vPhySetChannel
                0x000000000008125f                eScanHandleEvt.part.0.9883
                0x0000000000081288                mac_eDcfmIndPost
                0x00000000000812a9                mac_psDcfmIndGetBuf
                0x00000000000812ca                vMAC_MISCpollConfirm
                0x00000000000812fa                vMLMErxEnableConfirm
                0x000000000008132c                vMLMEcommStatus
                0x000000000008138f                vMLMEcommStatusFromFrame
                0x00000000000813d3                vTSCpostTransmitUpdate
                0x0000000000081402                vMLMEsyncLoss
                0x0000000000081435                vPMICpostFailedAssocDcfm
                0x000000000008146d                vPMICassocReqTO_2.8300
                0x0000000000081484                MAC_vPibSetPanId
                0x000000000008149f                vHandleTofRequest.6406
                0x00000000000814a2                vAppApiDefSetPrbsSeed
                0x00000000000814c6                u8CCITT8
                0x00000000000814ec                Mac_vInit
                0x0000000000081538                bAES_CCM_KeyReg
                0x0000000000081577                bFifoPush.3017
                0x00000000000815b0                vAppQApiPostMlme.3003
                0x00000000000815cf                vAppQApiPostMcps.3010
                0x00000000000815ea                pvFifoPull.3014
                0x0000000000081611                psAppQApiGetMlmeBuffer.3000
                0x0000000000081619                psAppQApiGetMcpsBuffer.3007
                0x0000000000081621                ToCoNet_vReg_mod_TxRxQueueMid
                0x00000000000816a2                PRSEV_vSetState
                0x00000000000816b2                PRSEV_u8Register
                0x00000000000816e4                PRSEV_vProcessEv_core.1483
                0x0000000000081780                PRSEV_vProcessEvPost
                0x00000000000817b2                i2Hex
 .text.unlikely
                0x00000000000817e1        0xf C:\Users\Maeoka\AppData\Local\Temp\ccgm6XWi.ltrans0.ltrans.o
                0x00000000000817e1                _PRSEV_vProcessEvSingleH
 .text          0x00000000000817f0      0xb4e C:\Users\Maeoka\AppData\Local\Temp\ccgm6XWi.ltrans1.ltrans.o
                0x0000000000081950                bAES_CCM_EncodeKey
                0x00000000000819fd                vHnd_E_STATE_FINISH_TX_FAIL.2320
                0x0000000000081ab0                vHnd_E_STATE_FINISH_TX_SUCCESS.2325
                0x0000000000081b34                bTAM_AES_CCMstarPatch
                0x0000000000081c78                bTAM_AES_CCMstarPatch2006
                0x0000000000081f57                bTATsendFrame
                0x0000000000081faa                vTrySendFromDirectCAP.12451
                0x0000000000081fc5                vTrySendFromDirectNoBeacon.12455
                0x0000000000081ff0                vTAMCOint1Fired
                0x000000000008210c                vTAMCOreqTXnoBeacon
                0x000000000008211d                vTAMCOreqTXinCAP
                0x0000000000082142                vTrySendUnslotted.12996
                0x000000000008215b                bSendDataRequest.12998
                0x000000000008226d                bProcessBeaconRX.13001
 *fill*         0x000000000008233e        0x2 00
 .text          0x0000000000082340      0xba0 C:\Users\Maeoka\AppData\Local\Temp\ccgm6XWi.ltrans2.ltrans.o
                0x0000000000082340                eWBRTTxDone.9869
                0x000000000008235e                vTAMCOframeTXgoingIdle
                0x0000000000082377                vTAMCOframeTXcap
                0x000000000008239b                eWCoRRxDone.9860
                0x0000000000082445                eWBcnRxDone.9872
                0x0000000000082a2e                vTAMCOframeRXcap
                0x0000000000082a40                vTAMCOframeRXgoingIdle
                0x0000000000082a56                vTAMCOframeRXnobeacon
                0x0000000000082a68                vTAMDEframeRX
                0x0000000000082a90                vTAMDEframeRXtrackingDR
                0x0000000000082ad3                vTAMDEframePreSyncReq
                0x0000000000082aeb                vTAMCOframeTXbeacon
                0x0000000000082bb2                vTAMDEframeRXsyncReq
                0x0000000000082e01                vTAMDEint1FiredTrackingCAPgts
                0x0000000000082eb2                eWONTTxDone.9866
 .text          0x0000000000082ee0      0xb6e C:\Users\Maeoka\AppData\Local\Temp\ccgm6XWi.ltrans3.ltrans.o
                0x0000000000082ee0                vAHI_IntHandlerTickTimer
                0x0000000000082f27                vTACintRXheader
                0x0000000000083722                eGenRxHdrDone.9863
                0x0000000000083732                vTAMCOint1FiredCAP
                0x00000000000837a5                eAppApiDefPlmeSet
                0x00000000000837fe                _ToCoNet_bRfChChannel
                0x0000000000083865                ToCoNet_ChMgr_bCh_Reconfig
                0x00000000000838cd                vAppApiDefMcpsRequest
                0x00000000000838f8                vAppApiDefMlmeRequest
                0x0000000000083923                pvAppApiDefGetMacHandle
                0x000000000008392c                vTAMCOstartBeacon
                0x0000000000083968                vStartStoreValues.12519
                0x0000000000083a1f                bStartCallback.12548
 .text.unlikely
                0x0000000000083a4e       0x1d C:\Users\Maeoka\AppData\Local\Temp\ccgm6XWi.ltrans3.ltrans.o
                0x0000000000083a4e                Mac_vReset
 .text          0x0000000000083a6b      0x8ce C:\Users\Maeoka\AppData\Local\Temp\ccgm6XWi.ltrans4.ltrans.o
                0x0000000000083cc5                vXCV_IntHandlerPhy
                0x0000000000083d77                vScanHandleTimer.9469
                0x0000000000083d7c                bAES_CCM_DecodeKey
                0x0000000000083e38                vXCV_IntHandlerBbc
                0x0000000000083edb                cbAppColdStart.part.0.1343
                0x0000000000083f63                u8TAM_AES_WriteAuxilliarySecurityHeaderIntoBuffer
                0x0000000000083fd5                phy_ePibSet.part.1.11679
                0x000000000008401d                u32AHI_ReadIndexSectorBits.constprop.8
                0x000000000008407e                vTAIsetCapTime
                0x000000000008409f                vTAIsetRxEnableTime
                0x00000000000840c0                vDoGoActive.16160
                0x00000000000840e2                vTAMRXEint2Fired
                0x0000000000084118                vMLMEbeaconNotify
                0x0000000000084276                vMCPSframeReceived
 .text.unlikely
                0x0000000000084339      0x181 C:\Users\Maeoka\AppData\Local\Temp\ccgm6XWi.ltrans4.ltrans.o
                0x00000000000843b2                bStartXtal32k.20118
 .text          0x00000000000844ba      0x2d2 C:\Users\Maeoka\AppData\Local\Temp\ccgm6XWi.ltrans5.ltrans.o
                0x00000000000844ba                u32AppApiDefInit
                0x0000000000084725                vProcessEvCoreMac
 .text.unlikely
                0x000000000008478c      0x484 C:\Users\Maeoka\AppData\Local\Temp\ccgm6XWi.ltrans5.ltrans.o
                0x000000000008478c                ToCoNet_vStart
 .text          0x0000000000084c10      0xb8e C:\Users\Maeoka\AppData\Local\Temp\ccgm6XWi.ltrans6.ltrans.o
                0x0000000000084c10                vProcessEvCoreTx.2312
                0x0000000000084c8f                bAHI_ReadMACID
                0x0000000000084cd5                vTAMRXEsetPhy
                0x0000000000084d98                vTAHsetPhyState
                0x0000000000084dc8                vTAMCOint2Fired
                0x0000000000084de8                vSetPHYfromMacValue.12994
                0x0000000000084e1a                vTAMDEint1FiredWaitDR
                0x0000000000084e27                vTACsetPHYfromMacValue
                0x0000000000084e48                vTAMRXEsetReceiveForPibChange
                0x0000000000084e88                ToCoNet_vInit
                0x00000000000851b3                vExpireHead.19421
                0x00000000000851e3                vMicroIntEnableOnly.constprop.48
                0x000000000008520f                QUEUE__vAddItem.part.0.4305
                0x0000000000085238                vHnd_E_STATE_IDLE.2335
                0x000000000008528d                QUEUE__u8RemoveItem.constprop.37
                0x00000000000852d0                vHnd_E_STATE_RUNNING.2351
                0x0000000000085520                vAHI_ProtocolPower.constprop.41
                0x000000000008552e                XCV_vCtor.constprop.39
                0x0000000000085693                bAHI_SetClockRate
 .text.unlikely
                0x000000000008579e       0xbf C:\Users\Maeoka\AppData\Local\Temp\ccgm6XWi.ltrans6.ltrans.o
                0x000000000008579e                u32AppQApiInitInt_PATCH
                0x00000000000857ad                vAHI_TimerEnable.part.1.20309.constprop.21
                0x0000000000085818                vAHI_MemoryHold.20208
 *fill*         0x000000000008585d        0x3 00
 .text          0x0000000000085860      0xa24 C:\Users\Maeoka\AppData\Local\Temp\ccgm6XWi.ltrans7.ltrans.o
                0x0000000000085860                vPostDcfm.9856
                0x0000000000085934                AppWarmStart
                0x00000000000859aa                vSetNextChannel.9904
                0x0000000000085a03                MAC_vHandleMlmeReqRsp
                0x00000000000861b1                vTAMDEint1FiredTracking
                0x0000000000086220                vTAMDEint1FiredSyncReq
 .text          0x0000000000086284      0xb30 C:\Users\Maeoka\AppData\Local\Temp\ccgm6XWi.ltrans8.ltrans.o
                0x0000000000086284                TSV_eStart
                0x0000000000086368                eTAStransmitRequest
                0x0000000000086703                TSV_eOpen
                0x000000000008670b                vAppApiDefRestoreMacSettings
                0x00000000000867dc                vAppApiDefSaveMacSettings
                0x0000000000086839                mac_vLPBSleep
                0x00000000000868fe                pvAppApiDefGetMacAddrLocation
                0x0000000000086907                eAppApiDefPlmeGet
                0x0000000000086959                vHnd_E_STATE_PREPARE_TX.2330
 *fill*         0x0000000000086db4        0x0 00
 .text          0x0000000000086db4      0x95c C:\Users\Maeoka\AppData\Local\Temp\ccgm6XWi.ltrans9.ltrans.o
                0x0000000000086db4                vPMICassocReqTO_1.8293
                0x0000000000086e3c                vTAM_MCPSdataRequest
                0x0000000000086e7f                bTACcheckPANconflict
                0x0000000000086f38                vTAMDEstartSync
                0x0000000000086fb7                eTAMselect
                0x00000000000870f8                MAC_pvCtor
                0x0000000000087513                vDeterminePowerState.13118
                0x0000000000087597                vTAMDEint1FiredTrackingBeacon
                0x0000000000087637                vTAMDEint2FiredTrackingDR
                0x000000000008765c                vTAMDEframeTXtrackingDR
                0x00000000000876b5                vTAMDEint2FiredPollActive
                0x00000000000876e9                vTAMDEreqTXnullTrackingCAP
                0x0000000000087702                vTAM_TxRetryTimer
 .text          0x0000000000087710      0x863 C:\Users\Maeoka\AppData\Local\Temp\ccgm6XWi.ltrans10.ltrans.o
                0x0000000000087710                mac_vLPBStartTimer
                0x0000000000087a3b                vTimerCallback.20094
                0x0000000000087ab1                vAppQApiPostHwIntT.2996
                0x0000000000087b2e                vPollClkSource.20102.constprop.12
                0x0000000000087b43                pvHeap_Alloc
                0x0000000000087b45                u32AHI_Init
                0x0000000000087c07                vMicroIntRestoreState
                0x0000000000087c13                vAHI_WakeTimerStop.part.3.20774
                0x0000000000087c33                mac_vLPBStopTimer
                0x0000000000087c3d                vAHI_WatchdogStop
                0x0000000000087c54                vAHI_CpuDoze
                0x0000000000087c67                vAHI_DioSetOutput
                0x0000000000087c7b                vAHI_DioSetDirection
                0x0000000000087c8f                vACI_OptimisedCcmStar
                0x0000000000087ea7                bAES_CCMstar
 .text.unlikely
                0x0000000000087f73       0x11 C:\Users\Maeoka\AppData\Local\Temp\ccgm6XWi.ltrans10.ltrans.o
                0x0000000000087f73                vStartXtal32kExternalRc.20108
 .text          0x0000000000087f84      0x7e3 C:\Users\Maeoka\AppData\Local\Temp\ccgm6XWi.ltrans11.ltrans.o
                0x0000000000087f84                ToCoNet_vMain
                0x00000000000886d3                ToCoNet_ChMgr_vCh_TxFin
                0x0000000000088700                vHnd_E_STATE_WAIT_TX.2343
 *fill*         0x0000000000088767        0x1 00
 .text          0x0000000000088768      0x780 C:\Users\Maeoka\AppData\Local\Temp\ccgm6XWi.ltrans12.ltrans.o
                0x0000000000088768                eGenTmrExpiry.10165
                0x00000000000887aa                eWEDTEdDone.10168
                0x00000000000887ce                TSV_eStop
                0x000000000008888c                bPMICdisassocReqSent.8289
                0x0000000000088946                MAC_vHandleMcpsReqRsp
                0x00000000000889d3                bMCPSframeTXcomplete.10900
                0x0000000000088a28                bSendSyncLoss.15131
                0x0000000000088a40                bPollReqSent.18727
                0x0000000000088a58                bTASsendCommStatusInd
                0x0000000000088a6d                bAssocRespSent.8285
                0x0000000000088a80                eTACprocessFrameTXcomplete
                0x0000000000088bfd                vTAMCOframeTXnobeacon
                0x0000000000088c12                vTAMCOframeStarting
                0x0000000000088c2b                vTAMDEframeTXDEnull
                0x0000000000088c4e                vTAMDEframeTXtrackingCAPgts
                0x0000000000088c7a                bPMICassocReqSent.8281
                0x0000000000088cfc                bPMICassocReqPollSent.8296
                0x0000000000088d50                eWChCChanChgd.9880
 .text          0x0000000000088ee8      0x531 C:\Users\Maeoka\AppData\Local\Temp\ccgm6XWi.ltrans13.ltrans.o
                0x0000000000088ee8                AppColdStart
 .text          0x0000000000089419       0x25 c:/mwsdk/tools/ba-elf-ba2-r36379/bin/../lib/gcc/ba-elf/4.7.4/../../../../ba-elf/lib/mcpu_jn51xx_sizeopt\libc.a(lib_a-memcmp.o)
                0x0000000000089419                memcmp
 .text          0x000000000008943e       0x19 c:/mwsdk/tools/ba-elf-ba2-r36379/bin/../lib/gcc/ba-elf/4.7.4/../../../../ba-elf/lib/mcpu_jn51xx_sizeopt\libc.a(lib_a-memcpy.o)
 .text          0x0000000000089457       0x12 c:/mwsdk/tools/ba-elf-ba2-r36379/bin/../lib/gcc/ba-elf/4.7.4/../../../../ba-elf/lib/mcpu_jn51xx_sizeopt\libc.a(lib_a-memset.o)
                0x0000000000089457                memset
 *fill*         0x0000000000089469        0x3 00
 .text          0x000000000008946c      0x204 c:/mwsdk/tools/ba-elf-ba2-r36379/bin/../lib/gcc/ba-elf/4.7.4/mcpu_jn51xx_sizeopt\libgcc.a(__udivsi3.o)
                0x000000000008946c                __udivsi3
 .text          0x0000000000089670       0x30 c:/mwsdk/tools/ba-elf-ba2-r36379/bin/../lib/gcc/ba-elf/4.7.4/mcpu_jn51xx_sizeopt\libgcc.a(__divsi3.o)
                0x0000000000089670                __divsi3
 .text          0x00000000000896a0       0x27 c:/MWSDK/ChipLib/SW4063V1416/Components/Library\libHardwareApi_JN516x.a(AHI_Interrupt.o)
                0x00000000000896a0                vAHI_InterruptSetPriority
                0x00000000000896be                vAHI_InterruptSetActivePriorityLevel
 .text.vMicroSyscall
                0x00000000000896c7       0x17 c:/MWSDK/ChipLib/SW4063V1416/Components/Library\libMicroSpecific_JN516x.a(MicroSyscall_ba.o)
                0x00000000000896c7                vMicroSyscall
                0x00000000000896de                _flash_end = ABSOLUTE (.)

.rela.dyn       0x00000000000896e0        0x0
 .rela.text     0x0000000000000000        0x0 C:\Users\Maeoka\AppData\Local\Temp\ccgm6XWi.ltrans0.ltrans.o
 .rela.rodata   0x0000000000000000        0x0 C:\Users\Maeoka\AppData\Local\Temp\ccgm6XWi.ltrans0.ltrans.o
 .rela.text.unlikely
                0x0000000000000000        0x0 C:\Users\Maeoka\AppData\Local\Temp\ccgm6XWi.ltrans0.ltrans.o
 .rela.data     0x0000000000000000        0x0 C:\Users\Maeoka\AppData\Local\Temp\ccgm6XWi.ltrans0.ltrans.o
                0x000000000400004c                . = ORIGIN (ram)

.data           0x000000000400004c       0x18 load address 0x00000000000896e0
                0x000000000400004c                _ram_data_start = ABSOLUTE (.)
 *(.data*)
 .data.initinboot
                0x000000000400004c        0x8 C:\Users\Maeoka\AppData\Local\Temp\ccgm6XWi.ltrans6.ltrans.o
 .data          0x0000000004000054        0x1 C:\Users\Maeoka\AppData\Local\Temp\ccgm6XWi.ltrans8.ltrans.o
                0x0000000004000054                u8TxWkrNow.2453
 .data          0x0000000004000055        0x1 C:\Users\Maeoka\AppData\Local\Temp\ccgm6XWi.ltrans9.ltrans.o
 .data.initinboot
                0x0000000004000056        0x1 C:\Users\Maeoka\AppData\Local\Temp\ccgm6XWi.ltrans9.ltrans.o
                0x0000000004000056                gMAC_u8MaxBuffers
 *fill*         0x0000000004000057        0x1 00
 .data          0x0000000004000058        0x4 C:\Users\Maeoka\AppData\Local\Temp\ccgm6XWi.ltrans10.ltrans.o
                0x0000000004000058                u32HeapStart
 .data          0x000000000400005c        0x8 C:\Users\Maeoka\AppData\Local\Temp\ccgm6XWi.ltrans11.ltrans.o
                0x000000000400005c                bSendData.1456
 *(.data.*)
                0x0000000004000064                . = ALIGN (0x4)
                0x0000000004000064                _ram_data_end = ABSOLUTE (.)

.bss            0x0000000004000064     0x1898 load address 0x00000000000896f8
                0x0000000004000064                _bss_start = ABSOLUTE (.)
 *(.bss*)
 .bss           0x0000000004000064      0xb04 C:\Users\Maeoka\AppData\Local\Temp\ccgm6XWi.ltrans0.ltrans.o
 .bss.dontinitinboot
                0x0000000004000b68        0x1 C:\Users\Maeoka\AppData\Local\Temp\ccgm6XWi.ltrans1.ltrans.o
 *fill*         0x0000000004000b69        0x3 00
 .bss           0x0000000004000b6c       0x40 C:\Users\Maeoka\AppData\Local\Temp\ccgm6XWi.ltrans2.ltrans.o
                0x0000000004000b6c                g_sLP
                0x0000000004000ba8                g_pvMac
 .bss.initinboot
                0x0000000004000bac      0x1c0 C:\Users\Maeoka\AppData\Local\Temp\ccgm6XWi.ltrans2.ltrans.o
                0x0000000004000bac                g_sMac
 .bss           0x0000000004000d6c        0x8 C:\Users\Maeoka\AppData\Local\Temp\ccgm6XWi.ltrans3.ltrans.o
 .bss           0x0000000004000d74       0xbc C:\Users\Maeoka\AppData\Local\Temp\ccgm6XWi.ltrans4.ltrans.o
                0x0000000004000d74                sAppHousekeeping
                0x0000000004000d8c                au8sprintf.4408
                0x0000000004000d90                SPRINTF_MAX_BUFF.4410
                0x0000000004000d92                gbTimeOutFlag.20281
 .bss           0x0000000004000e30      0x170 C:\Users\Maeoka\AppData\Local\Temp\ccgm6XWi.ltrans5.ltrans.o
                0x0000000004000e30                g_sXcv
                0x0000000004000e34                prMcpsRequest.5293
                0x0000000004000e38                prMlmeRequest.5292
                0x0000000004000e3c                prOriginalHandler.4294
                0x0000000004000e40                psRxQueueList.4160
                0x0000000004000e54                prTickTimeAppCallback
                0x0000000004000e58                apfTimerAppCallback.20494
                0x0000000004000e6c                au16TimerSettings.20443
                0x0000000004000e78                asEventHandler.1546
                0x0000000004000ef8                sEvVars
                0x0000000004000f14                u32TickCount_ms
                0x0000000004000f18                au8Txdatabuff_idx_sTxQueue
                0x0000000004000f1c                u8TxBuffSiz_sTxQueue
                0x0000000004000f20                sTxdatabuff_sTxQueue
                0x0000000004000f24                sTxQueue
                0x0000000004000f40                au8Rxdatabuff_idx_sRxQueue
                0x0000000004000f44                u8RxBuffSiz_sRxQueue
                0x0000000004000f48                sRxdatabuff_sRxQueue
                0x0000000004000f4c                sRxQueue
                0x0000000004000f68                au8Rxdatabuff_idx_sRxQueueCmd
                0x0000000004000f6c                u8RxBuffSiz_sRxQueueCmd
                0x0000000004000f70                sRxdatabuff_sRxQueueCmd
                0x0000000004000f74                sRxQueueCmd.1984
 .bss           0x0000000004000fa0      0x730 C:\Users\Maeoka\AppData\Local\Temp\ccgm6XWi.ltrans6.ltrans.o
                0x0000000004000fa0                prApAppCallback.19957
                0x0000000004000fa4                prUart0AppCallback.20748
                0x0000000004000fa8                prUart1AppCallback.20749
                0x0000000004000fac                prSpiAppCallback.20082
                0x0000000004000fb0                prSiAppCallback.21277
                0x0000000004000fb4                prAppHwCallback.3241
                0x0000000004000fb8                prAppMcpsCallback.3239
                0x0000000004000fbc                prAppMlmeCallback.3240
                0x0000000004000fc0                bTxEventQueued.16026
                0x0000000004000fc1                u8TxEventStatus.16027
 .bss.initinboot
                0x00000000040016d0        0x4 C:\Users\Maeoka\AppData\Local\Temp\ccgm6XWi.ltrans6.ltrans.o
                0x00000000040016d0                prSysCtrlAppCallback.20285
 .bss.dontinitinboot
                0x00000000040016d4        0x8 C:\Users\Maeoka\AppData\Local\Temp\ccgm6XWi.ltrans6.ltrans.o
 .bss           0x00000000040016dc       0x70 C:\Users\Maeoka\AppData\Local\Temp\ccgm6XWi.ltrans7.ltrans.o
                0x00000000040016dc                sToCoNet_AppContext
                0x00000000040016f8                sToCoNet_Context
                0x000000000400173c                sAssocSecurity.8910
                0x0000000004001748                g_bJenieBackwardsCompatibilityMode
 .bss           0x000000000400174c       0x34 C:\Users\Maeoka\AppData\Local\Temp\ccgm6XWi.ltrans8.ltrans.o
                0x000000000400174c                sCh_Context.2874
                0x0000000004001750                u8AppId_Pkt_head.4163
                0x0000000004001754                u32MyAddr.4162
                0x0000000004001758                u32AppId.4159
                0x000000000400175c                asTx.2410
 .bss.initinboot
                0x0000000004001780        0x1 C:\Users\Maeoka\AppData\Local\Temp\ccgm6XWi.ltrans8.ltrans.o
 *fill*         0x0000000004001781        0x3 00
 .bss.initinboot
                0x0000000004001784        0x8 C:\Users\Maeoka\AppData\Local\Temp\ccgm6XWi.ltrans9.ltrans.o
                0x0000000004001784                g_u32MacAddrLocation
                0x0000000004001788                prvUserTxStartedCallback
 .bss           0x000000000400178c        0x4 C:\Users\Maeoka\AppData\Local\Temp\ccgm6XWi.ltrans10.ltrans.o
 .bss.dontinitinboot
                0x0000000004001790        0x4 C:\Users\Maeoka\AppData\Local\Temp\ccgm6XWi.ltrans10.ltrans.o
 .bss           0x0000000004001794       0x7c C:\Users\Maeoka\AppData\Local\Temp\ccgm6XWi.ltrans11.ltrans.o
                0x0000000004001794                sMcpsIndQueue.3235
                0x00000000040017a4                bRxQueue_Init.4161
                0x00000000040017a8                sMcpsIndBufferQueue.3233
                0x00000000040017b8                sMlmeIndQueue.3236
                0x00000000040017c8                sMlmeIndBufferQueue.3234
                0x00000000040017d8                sHwIndQueue.3237
                0x00000000040017e8                sHwIndBufferQueue.3238
                0x00000000040017f8                uTimePassed.1455
                0x00000000040017fc                uCounter2.1454
                0x0000000004001800                uCounter1.1453
 .bss           0x0000000004001810       0x14 C:\Users\Maeoka\AppData\Local\Temp\ccgm6XWi.ltrans12.ltrans.o
                0x0000000004001810                s_sTimerList
                0x0000000004001820                u8AssocResponsesInProgress.8909
 .bss           0x0000000004001824       0x98 C:\Users\Maeoka\AppData\Local\Temp\ccgm6XWi.ltrans13.ltrans.o
                0x0000000004001824                sContext.4284
                0x0000000004001850                sToCoNet_Modules
 .bss.dontinitinboot
                0x00000000040018bc       0x40 c:/MWSDK/ChipLib/SW4063V1416/Components/Library\libBoot_JN516x.a(ExceptionHandler.o)
                0x00000000040018bc                isr_handlers
 *(.bss.*)
 *(.scommon*)
 *(.scommon.*)
 *(COMMON)
                0x00000000040018fc                . = ALIGN (0x4)
                0x00000000040018fc                _bss_end = ABSOLUTE (.)

.heap           0x00000000040018fc      0xd16 load address 0x000000000008af90
                0x00000000040018fc                _heap_start = ABSOLUTE (.)
                0x0000000004002612                . = (. + _minimum_heap_size)
 *fill*         0x00000000040018fc      0xd16 00

.stack          0x0000000004007800      0x800 load address 0x0000000000090e94
                0x0000000004007800                _heap_end = ABSOLUTE (.)
                0x0000000004007800                _stack_low_water_mark = ABSOLUTE (.)
                0x0000000004008000                . = (. + _stack_size)
 *fill*         0x0000000004007800      0x800 00

.test           0x00000000000896f8        0x1
                0x00000000000896f8        0x1 BYTE 0xff
                0x00000000000896e0                _flash_data_start = LOADADDR (.data)
                0x0000000000000018                _ram_data_len = (((_ram_data_end - _ram_data_start) + 0x3) & 0xfffffffffffffffc)
                0x0000000000001898                _bss_len = (((_bss_end - _bss_start) + 0x3) & 0xfffffffffffffffc)
                0x00000000000096f8                _image_len = ((((_flash_end - _flash_start) + _ram_data_len) + 0x3) & 0xfffffffffffffffc)
                0x0000000004008000                _ram_top = (ABSOLUTE (ORIGIN (ram)) + 0x7fb4)
                0x0000000004008000                ram_top = (ABSOLUTE (ORIGIN (ram)) + 0x7fb4)
                0x0000000001001580                _app_ram_start = 0x1001580
                0x0000000004000058                PROVIDE (_heap_location, u32HeapStart)
                0x0000000004000058                PROVIDE (heap_location, u32HeapStart)
                0x0000000000086703                TSV_eOpenVector = TSV_eOpen
                0x0000000000086284                TSV_eStartVector = TSV_eStart
                0x00000000000887ce                TSV_eStopVector = TSV_eStop
                0x0000000000083923                pvAppApiGetMacHandle = pvAppApiDefGetMacHandle
                0x00000000000844ba                u32AppApiInit = u32AppApiDefInit
                0x00000000000838f8                vAppApiMlmeRequest = vAppApiDefMlmeRequest
                0x00000000000838cd                vAppApiMcpsRequest = vAppApiDefMcpsRequest
                0x00000000000837a5                eAppApiPlmeSet = eAppApiDefPlmeSet
                0x0000000000086907                eAppApiPlmeGet = eAppApiDefPlmeGet
                0x00000000000868fe                pvAppApiGetMacAddrLocation = pvAppApiDefGetMacAddrLocation
                0x00000000000867dc                vAppApiSaveMacSettings = vAppApiDefSaveMacSettings
                0x000000000008670b                vAppApiRestoreMacSettings = vAppApiDefRestoreMacSettings
OUTPUT(objs_BLUE/pencil_prod_counter_Main_BLUE_L1200_V0-1-1.elf elf32-ba)

.comment        0x0000000000000000       0x11
 .comment       0x0000000000000000       0x12 C:\Users\Maeoka\AppData\Local\Temp\ccgm6XWi.ltrans0.ltrans.o
 .comment       0x0000000000000000       0x12 C:\Users\Maeoka\AppData\Local\Temp\ccgm6XWi.ltrans1.ltrans.o
 .comment       0x0000000000000000       0x12 C:\Users\Maeoka\AppData\Local\Temp\ccgm6XWi.ltrans2.ltrans.o
 .comment       0x0000000000000000       0x12 C:\Users\Maeoka\AppData\Local\Temp\ccgm6XWi.ltrans3.ltrans.o
 .comment       0x0000000000000000       0x12 C:\Users\Maeoka\AppData\Local\Temp\ccgm6XWi.ltrans4.ltrans.o
 .comment       0x0000000000000000       0x12 C:\Users\Maeoka\AppData\Local\Temp\ccgm6XWi.ltrans5.ltrans.o
 .comment       0x0000000000000000       0x12 C:\Users\Maeoka\AppData\Local\Temp\ccgm6XWi.ltrans6.ltrans.o
 .comment       0x0000000000000000       0x12 C:\Users\Maeoka\AppData\Local\Temp\ccgm6XWi.ltrans7.ltrans.o
 .comment       0x0000000000000000       0x12 C:\Users\Maeoka\AppData\Local\Temp\ccgm6XWi.ltrans8.ltrans.o
 .comment       0x0000000000000000       0x12 C:\Users\Maeoka\AppData\Local\Temp\ccgm6XWi.ltrans9.ltrans.o
 .comment       0x0000000000000000       0x12 C:\Users\Maeoka\AppData\Local\Temp\ccgm6XWi.ltrans10.ltrans.o
 .comment       0x0000000000000000       0x12 C:\Users\Maeoka\AppData\Local\Temp\ccgm6XWi.ltrans11.ltrans.o
 .comment       0x0000000000000000       0x12 C:\Users\Maeoka\AppData\Local\Temp\ccgm6XWi.ltrans12.ltrans.o
 .comment       0x0000000000000000       0x12 C:\Users\Maeoka\AppData\Local\Temp\ccgm6XWi.ltrans13.ltrans.o
 .comment       0x0000000000000000       0x12 c:/mwsdk/tools/ba-elf-ba2-r36379/bin/../lib/gcc/ba-elf/4.7.4/../../../../ba-elf/lib/mcpu_jn51xx_sizeopt\libc.a(lib_a-memcmp.o)
 .comment       0x0000000000000000       0x12 c:/mwsdk/tools/ba-elf-ba2-r36379/bin/../lib/gcc/ba-elf/4.7.4/../../../../ba-elf/lib/mcpu_jn51xx_sizeopt\libc.a(lib_a-memcpy.o)
 .comment       0x0000000000000000       0x12 c:/mwsdk/tools/ba-elf-ba2-r36379/bin/../lib/gcc/ba-elf/4.7.4/../../../../ba-elf/lib/mcpu_jn51xx_sizeopt\libc.a(lib_a-memset.o)
 .comment       0x0000000000000000       0x11 c:/MWSDK/ChipLib/SW4063V1416/Components/Library\libMicroSpecific_JN516x.a(MicroSyscall_ba.o)
                                         0x12 (size before relaxing)

.debug_info     0x0000000000000000      0x4e2
 .debug_info    0x0000000000000000       0xf3 c:/mwsdk/tools/ba-elf-ba2-r36379/bin/../lib/gcc/ba-elf/4.7.4/../../../../ba-elf/lib/mcpu_jn51xx_sizeopt\libc.a(lib_a-memcmp.o)
 .debug_info    0x00000000000000f3      0x106 c:/mwsdk/tools/ba-elf-ba2-r36379/bin/../lib/gcc/ba-elf/4.7.4/../../../../ba-elf/lib/mcpu_jn51xx_sizeopt\libc.a(lib_a-memcpy.o)
 .debug_info    0x00000000000001f9       0xd7 c:/mwsdk/tools/ba-elf-ba2-r36379/bin/../lib/gcc/ba-elf/4.7.4/../../../../ba-elf/lib/mcpu_jn51xx_sizeopt\libc.a(lib_a-memset.o)
 .debug_info    0x00000000000002d0       0xb4 c:/mwsdk/tools/ba-elf-ba2-r36379/bin/../lib/gcc/ba-elf/4.7.4/mcpu_jn51xx_sizeopt\libgcc.a(__udivsi3.o)
 .debug_info    0x0000000000000384       0xb4 c:/mwsdk/tools/ba-elf-ba2-r36379/bin/../lib/gcc/ba-elf/4.7.4/mcpu_jn51xx_sizeopt\libgcc.a(__divsi3.o)
 .debug_info    0x0000000000000438       0xaa c:/MWSDK/ChipLib/SW4063V1416/Components/Library\libBoot_JN516x.a(ExceptionHandler.o)

.debug_abbrev   0x0000000000000000      0x1fc
 .debug_abbrev  0x0000000000000000       0x8e c:/mwsdk/tools/ba-elf-ba2-r36379/bin/../lib/gcc/ba-elf/4.7.4/../../../../ba-elf/lib/mcpu_jn51xx_sizeopt\libc.a(lib_a-memcmp.o)
 .debug_abbrev  0x000000000000008e       0xa4 c:/mwsdk/tools/ba-elf-ba2-r36379/bin/../lib/gcc/ba-elf/4.7.4/../../../../ba-elf/lib/mcpu_jn51xx_sizeopt\libc.a(lib_a-memcpy.o)
 .debug_abbrev  0x0000000000000132       0x8e c:/mwsdk/tools/ba-elf-ba2-r36379/bin/../lib/gcc/ba-elf/4.7.4/../../../../ba-elf/lib/mcpu_jn51xx_sizeopt\libc.a(lib_a-memset.o)
 .debug_abbrev  0x00000000000001c0       0x14 c:/mwsdk/tools/ba-elf-ba2-r36379/bin/../lib/gcc/ba-elf/4.7.4/mcpu_jn51xx_sizeopt\libgcc.a(__udivsi3.o)
 .debug_abbrev  0x00000000000001d4       0x14 c:/mwsdk/tools/ba-elf-ba2-r36379/bin/../lib/gcc/ba-elf/4.7.4/mcpu_jn51xx_sizeopt\libgcc.a(__divsi3.o)
 .debug_abbrev  0x00000000000001e8       0x14 c:/MWSDK/ChipLib/SW4063V1416/Components/Library\libBoot_JN516x.a(ExceptionHandler.o)

.debug_loc      0x0000000000000000       0xeb
 .debug_loc     0x0000000000000000       0x73 c:/mwsdk/tools/ba-elf-ba2-r36379/bin/../lib/gcc/ba-elf/4.7.4/../../../../ba-elf/lib/mcpu_jn51xx_sizeopt\libc.a(lib_a-memcmp.o)
 .debug_loc     0x0000000000000073       0x39 c:/mwsdk/tools/ba-elf-ba2-r36379/bin/../lib/gcc/ba-elf/4.7.4/../../../../ba-elf/lib/mcpu_jn51xx_sizeopt\libc.a(lib_a-memcpy.o)
 .debug_loc     0x00000000000000ac       0x3f c:/mwsdk/tools/ba-elf-ba2-r36379/bin/../lib/gcc/ba-elf/4.7.4/../../../../ba-elf/lib/mcpu_jn51xx_sizeopt\libc.a(lib_a-memset.o)

.debug_aranges  0x0000000000000000       0xc0
 .debug_aranges
                0x0000000000000000       0x20 c:/mwsdk/tools/ba-elf-ba2-r36379/bin/../lib/gcc/ba-elf/4.7.4/../../../../ba-elf/lib/mcpu_jn51xx_sizeopt\libc.a(lib_a-memcmp.o)
 .debug_aranges
                0x0000000000000020       0x20 c:/mwsdk/tools/ba-elf-ba2-r36379/bin/../lib/gcc/ba-elf/4.7.4/../../../../ba-elf/lib/mcpu_jn51xx_sizeopt\libc.a(lib_a-memcpy.o)
 .debug_aranges
                0x0000000000000040       0x20 c:/mwsdk/tools/ba-elf-ba2-r36379/bin/../lib/gcc/ba-elf/4.7.4/../../../../ba-elf/lib/mcpu_jn51xx_sizeopt\libc.a(lib_a-memset.o)
 .debug_aranges
                0x0000000000000060       0x20 c:/mwsdk/tools/ba-elf-ba2-r36379/bin/../lib/gcc/ba-elf/4.7.4/mcpu_jn51xx_sizeopt\libgcc.a(__udivsi3.o)
 .debug_aranges
                0x0000000000000080       0x20 c:/mwsdk/tools/ba-elf-ba2-r36379/bin/../lib/gcc/ba-elf/4.7.4/mcpu_jn51xx_sizeopt\libgcc.a(__divsi3.o)
 .debug_aranges
                0x00000000000000a0       0x20 c:/MWSDK/ChipLib/SW4063V1416/Components/Library\libBoot_JN516x.a(ExceptionHandler.o)

.debug_line     0x0000000000000000      0xaa7
 .debug_line    0x0000000000000000      0x154 c:/mwsdk/tools/ba-elf-ba2-r36379/bin/../lib/gcc/ba-elf/4.7.4/../../../../ba-elf/lib/mcpu_jn51xx_sizeopt\libc.a(lib_a-memcmp.o)
 .debug_line    0x0000000000000154      0x148 c:/mwsdk/tools/ba-elf-ba2-r36379/bin/../lib/gcc/ba-elf/4.7.4/../../../../ba-elf/lib/mcpu_jn51xx_sizeopt\libc.a(lib_a-memcpy.o)
 .debug_line    0x000000000000029c      0x13e c:/mwsdk/tools/ba-elf-ba2-r36379/bin/../lib/gcc/ba-elf/4.7.4/../../../../ba-elf/lib/mcpu_jn51xx_sizeopt\libc.a(lib_a-memset.o)
 .debug_line    0x00000000000003da      0x47b c:/mwsdk/tools/ba-elf-ba2-r36379/bin/../lib/gcc/ba-elf/4.7.4/mcpu_jn51xx_sizeopt\libgcc.a(__udivsi3.o)
 .debug_line    0x0000000000000855       0xbb c:/mwsdk/tools/ba-elf-ba2-r36379/bin/../lib/gcc/ba-elf/4.7.4/mcpu_jn51xx_sizeopt\libgcc.a(__divsi3.o)
 .debug_line    0x0000000000000910      0x197 c:/MWSDK/ChipLib/SW4063V1416/Components/Library\libBoot_JN516x.a(ExceptionHandler.o)

.debug_str      0x0000000000000000      0x1bf
 .debug_str     0x0000000000000000      0x119 c:/mwsdk/tools/ba-elf-ba2-r36379/bin/../lib/gcc/ba-elf/4.7.4/../../../../ba-elf/lib/mcpu_jn51xx_sizeopt\libc.a(lib_a-memcmp.o)
                                        0x152 (size before relaxing)
 .debug_str     0x0000000000000119       0x5d c:/mwsdk/tools/ba-elf-ba2-r36379/bin/../lib/gcc/ba-elf/4.7.4/../../../../ba-elf/lib/mcpu_jn51xx_sizeopt\libc.a(lib_a-memcpy.o)
                                        0x166 (size before relaxing)
 .debug_str     0x0000000000000176       0x49 c:/mwsdk/tools/ba-elf-ba2-r36379/bin/../lib/gcc/ba-elf/4.7.4/../../../../ba-elf/lib/mcpu_jn51xx_sizeopt\libc.a(lib_a-memset.o)
                                        0x152 (size before relaxing)

.debug_frame    0x0000000000000000       0x60
 .debug_frame   0x0000000000000000       0x20 c:/mwsdk/tools/ba-elf-ba2-r36379/bin/../lib/gcc/ba-elf/4.7.4/../../../../ba-elf/lib/mcpu_jn51xx_sizeopt\libc.a(lib_a-memcmp.o)
 .debug_frame   0x0000000000000020       0x20 c:/mwsdk/tools/ba-elf-ba2-r36379/bin/../lib/gcc/ba-elf/4.7.4/../../../../ba-elf/lib/mcpu_jn51xx_sizeopt\libc.a(lib_a-memcpy.o)
 .debug_frame   0x0000000000000040       0x20 c:/mwsdk/tools/ba-elf-ba2-r36379/bin/../lib/gcc/ba-elf/4.7.4/../../../../ba-elf/lib/mcpu_jn51xx_sizeopt\libc.a(lib_a-memset.o)
